6/10/2026 10:48:33 AM - ======================================================================
6/10/2026 10:48:33 AM - Starting Press Layout dependency install
6/10/2026 10:48:33 AM - Script path: L:\install_press_layout_modules.vbs
6/10/2026 10:48:33 AM - Using Python command: py -3
6/10/2026 10:48:33 AM - RUN: py -3 -m pip --version
pip 26.1.1 from C:\Users\MBradbury\AppData\Local\Python\pythoncore-3.14-64\Lib\site-packages\pip (python 3.14)
6/10/2026 10:48:34 AM - EXIT CODE: 0
6/10/2026 10:48:34 AM - RUN: py -3 -m pip install --user --upgrade pip
Requirement already satisfied: pip in C:\Users\MBradbury\AppData\Local\Python\pythoncore-3.14-64\Lib\site-packages (26.1.1)
Collecting pip
  Downloading pip-26.1.2-py3-none-any.whl.metadata (4.6 kB)
Downloading pip-26.1.2-py3-none-any.whl (1.8 MB)
   ---------------------------------------- 1.8/1.8 MB 5.5 MB/s  0:00:00
Installing collected packages: pip
  WARNING: The scripts pip.exe, pip3.14.exe and pip3.exe are installed in 'C:\Users\MBradbury\AppData\Roaming\Python\Python314\Scripts' which is not on PATH.
  Consider adding this directory to PATH or, if you prefer to suppress this warning, use --no-warn-script-location.
Successfully installed pip-26.1.2
6/10/2026 10:48:50 AM - EXIT CODE: 0
6/10/2026 10:48:50 AM - RUN: py -3 -m pip install --user --upgrade Pillow pywin32
Requirement already satisfied: Pillow in C:\Users\MBradbury\AppData\Local\Python\pythoncore-3.14-64\Lib\site-packages (12.2.0)
Requirement already satisfied: pywin32 in C:\Users\MBradbury\AppData\Local\Python\pythoncore-3.14-64\Lib\site-packages (311)
WARNING: Cache entry deserialization failed, entry ignored
Collecting pywin32
  Downloading pywin32-312-cp314-cp314-win_amd64.whl.metadata (11 kB)
Downloading pywin32-312-cp314-cp314-win_amd64.whl (7.0 MB)
   ---------------------------------------- 7.0/7.0 MB 5.5 MB/s  0:00:01
Installing collected packages: pywin32
  WARNING: The scripts pywin32_postinstall.exe and pywin32_testall.exe are installed in 'C:\Users\MBradbury\AppData\Roaming\Python\Python314\Scripts' which is not on PATH.
  Consider adding this directory to PATH or, if you prefer to suppress this warning, use --no-warn-script-location.
Successfully installed pywin32-312
6/10/2026 10:49:06 AM - EXIT CODE: 0
6/10/2026 10:49:06 AM - Install completed successfully.
6/10/2026 11:10:27 AM - ======================================================================
6/10/2026 11:10:27 AM - Starting Press Layout dependency install
6/10/2026 11:10:27 AM - Script path: L:\install_press_layout_modules.vbs
6/10/2026 11:10:27 AM - Using Python command: python
6/10/2026 11:10:27 AM - RUN: python -m pip --version
Python was not found; run without arguments to install from the Microsoft Store, or disable this shortcut from Settings > Apps > Advanced app settings > App execution aliases.
6/10/2026 11:10:28 AM - EXIT CODE: 9009
6/10/2026 11:10:28 AM - pip not found; attempting ensurepip.
6/10/2026 11:10:28 AM - RUN: python -m ensurepip --upgrade
Python was not found; run without arguments to install from the Microsoft Store, or disable this shortcut from Settings > Apps > Advanced app settings > App execution aliases.
6/10/2026 11:10:28 AM - EXIT CODE: 9009
6/10/2026 11:12:12 AM - ======================================================================
6/10/2026 11:12:12 AM - Starting Press Layout dependency install
6/10/2026 11:12:12 AM - Script path: L:\install_press_layout_modules.vbs
6/10/2026 11:12:12 AM - Using Python command: py -3
6/10/2026 11:12:12 AM - RUN: py -3 -m pip --version
pip 26.1.2 from C:\Users\JSaalsaa\AppData\Local\Python\pythoncore-3.14-64\Lib\site-packages\pip (python 3.14)
6/10/2026 11:12:14 AM - EXIT CODE: 0
6/10/2026 11:12:14 AM - RUN: py -3 -m pip install --user --upgrade pip
Requirement already satisfied: pip in C:\Users\JSaalsaa\AppData\Local\Python\pythoncore-3.14-64\Lib\site-packages (26.1.2)
6/10/2026 11:12:16 AM - EXIT CODE: 0
6/10/2026 11:12:16 AM - RUN: py -3 -m pip install --user --upgrade Pillow pywin32
Collecting Pillow
  Downloading pillow-12.2.0-cp314-cp314-win_amd64.whl.metadata (9.0 kB)
Collecting pywin32
  Downloading pywin32-312-cp314-cp314-win_amd64.whl.metadata (11 kB)
Downloading pillow-12.2.0-cp314-cp314-win_amd64.whl (7.2 MB)
   ---------------------------------------- 7.2/7.2 MB 5.3 MB/s  0:00:01
Downloading pywin32-312-cp314-cp314-win_amd64.whl (7.0 MB)
   ---------------------------------------- 7.0/7.0 MB 5.4 MB/s  0:00:01
Installing collected packages: pywin32, Pillow
  WARNING: The scripts pywin32_postinstall.exe and pywin32_testall.exe are installed in 'C:\Users\JSaalsaa\AppData\Roaming\Python\Python314\Scripts' which is not on PATH.
  Consider adding this directory to PATH or, if you prefer to suppress this warning, use --no-warn-script-location.

Successfully installed Pillow-12.2.0 pywin32-312
6/10/2026 11:12:29 AM - EXIT CODE: 0
6/10/2026 11:12:29 AM - Install completed successfully.
6/10/2026 12:22:08 PM - ======================================================================
6/10/2026 12:22:08 PM - Starting Press Layout dependency install
6/10/2026 12:22:08 PM - Script path: L:\install_press_layout_modules.vbs
6/10/2026 12:22:08 PM - Using Python command: py -3
6/10/2026 12:22:08 PM - RUN: py -3 -m pip --version
pip 26.1.2 from C:\Users\CSavage\AppData\Local\Python\pythoncore-3.14-64\Lib\site-packages\pip (python 3.14)
6/10/2026 12:22:11 PM - EXIT CODE: 0
6/10/2026 12:22:11 PM - RUN: py -3 -m pip install --user --upgrade pip
Requirement already satisfied: pip in C:\Users\CSavage\AppData\Local\Python\pythoncore-3.14-64\Lib\site-packages (26.1.2)
6/10/2026 12:22:12 PM - EXIT CODE: 0
6/10/2026 12:22:13 PM - RUN: py -3 -m pip install --user --upgrade Pillow pywin32
Collecting Pillow
  Downloading pillow-12.2.0-cp314-cp314-win_amd64.whl.metadata (9.0 kB)
Collecting pywin32
  Downloading pywin32-312-cp314-cp314-win_amd64.whl.metadata (11 kB)
Downloading pillow-12.2.0-cp314-cp314-win_amd64.whl (7.2 MB)
   ---------------------------------------- 7.2/7.2 MB 5.6 MB/s  0:00:01
Downloading pywin32-312-cp314-cp314-win_amd64.whl (7.0 MB)
   ---------------------------------------- 7.0/7.0 MB 5.3 MB/s  0:00:01
Installing collected packages: pywin32, Pillow
  WARNING: The scripts pywin32_postinstall.exe and pywin32_testall.exe are installed in 'C:\Users\CSavage\AppData\Roaming\Python\Python314\Scripts' which is not on PATH.
  Consider adding this directory to PATH or, if you prefer to suppress this warning, use --no-warn-script-location.

Successfully installed Pillow-12.2.0 pywin32-312
6/10/2026 12:22:24 PM - EXIT CODE: 0
6/10/2026 12:22:24 PM - Install completed successfully.
